// Jest Snapshot v1, https://goo.gl/fbAQLP

exports[`Alerts has a valid snapshot 1`] = `
<div
  className="alert alert-dismissible alert-success"
  role="alert"
>
  <button
    aria-label="Close"
    className="close"
    data-dismiss="alert"
    type="button"
  >
    <span
      aria-hidden="true"
    >
      Ã—
    </span>
  </button>
  Campaign added successfully
</div>
`;

exports[`Main has a valid snapshot 1`] = `
<div
  className="container"
>
  <div
    className="col-md-4 col-md-offset-4"
  >
    <div
      className="wrapper-box"
    >
      <form
        className="form-signin"
      >
        <h2
          className="form-signin-heading"
        >
          Please Login
        </h2>
        <input
          autoFocus=""
          className="form-control"
          name="username"
          placeholder="Email Address"
          required=""
          type="text"
        />
        <input
          className="form-control"
          name="password"
          placeholder="Password"
          required=""
          type="password"
        />
        <label
          className="checkbox"
        >
          <input
            disabled={true}
            id="rememberMe"
            name="rememberMe"
            type="checkbox"
            value="remember-me"
          />
           Remember me
        </label>
        <a
          className="btn btn-lg btn-success btn-block"
          href="/app/home"
          onClick={[Function]}
        >
          Login
        </a>
      </form>
    </div>
  </div>
</div>
`;
